2026-08-14 16:47:05,056	[INFO]	(client.py:162)_bot_login	[botpy] 登录机器人账号中...
2026-08-14 16:47:05,636	[INFO]	(robot.py:65)update_access_token	[botpy] access_token expires_in 6263
2026-08-14 16:47:06,746	[INFO]	(client.py:181)_bot_init	[botpy] 程序启动...
2026-08-14 16:47:06,747	[INFO]	(connection.py:60)multi_run	[botpy] 最大并发连接数: 1, 启动会话数: 1
2026-08-14 16:47:06,747	[INFO]	(client.py:242)bot_connect	[botpy] 会话启动中...
2026-08-14 16:47:06,747	[INFO]	(gateway.py:115)ws_connect	[botpy] 启动中...
2026-08-14 16:47:06,956	[INFO]	(gateway.py:142)ws_identify	[botpy] 鉴权中...
2026-08-14 16:47:07,186	[INFO]	(gateway.py:85)on_message	[botpy] 机器人「尤希尔」启动成功！
2026-08-14 16:47:07,187	[INFO]	(gateway.py:223)_send_heart	[botpy] 心跳维持启动...
2026-08-14 17:17:06,945	[INFO]	(gateway.py:56)on_closed	[botpy] 关闭, 返回码: 4009, 返回信息: Session timed out
2026-08-14 17:17:06,945	[INFO]	(gateway.py:134)ws_connect	[botpy] ws关闭, 停止接收消息!
2026-08-14 17:17:11,953	[INFO]	(connection.py:60)multi_run	[botpy] 最大并发连接数: 1, 启动会话数: 1
2026-08-14 17:17:11,953	[INFO]	(client.py:242)bot_connect	[botpy] 会话启动中...
2026-08-14 17:17:11,953	[INFO]	(gateway.py:115)ws_connect	[botpy] 启动中...
2026-08-14 17:17:12,135	[INFO]	(gateway.py:175)ws_resume	[botpy] 重连启动...
2026-08-14 17:17:12,324	[INFO]	(gateway.py:90)on_message	[botpy] 机器人重连成功! 
2026-08-14 17:17:12,325	[INFO]	(gateway.py:223)_send_heart	[botpy] 心跳维持启动...
2026-08-14 17:47:12,116	[INFO]	(gateway.py:56)on_closed	[botpy] 关闭, 返回码: 4009, 返回信息: Session timed out
2026-08-14 17:47:12,116	[INFO]	(gateway.py:134)ws_connect	[botpy] ws关闭, 停止接收消息!
2026-08-14 17:47:17,122	[INFO]	(connection.py:60)multi_run	[botpy] 最大并发连接数: 1, 启动会话数: 1
2026-08-14 17:47:17,122	[INFO]	(client.py:242)bot_connect	[botpy] 会话启动中...
2026-08-14 17:47:17,123	[INFO]	(gateway.py:115)ws_connect	[botpy] 启动中...
2026-08-14 17:47:17,252	[INFO]	(gateway.py:175)ws_resume	[botpy] 重连启动...
2026-08-14 17:47:17,374	[INFO]	(gateway.py:90)on_message	[botpy] 机器人重连成功! 
2026-08-14 17:47:17,375	[INFO]	(gateway.py:223)_send_heart	[botpy] 心跳维持启动...
